C:\Program Files\Microsoft Visual Studio\2022\Community\MSBuild\Microsoft\VC\v170\Microsoft.CppBuild.targets(531,5): warning MSB8028: 중간 디렉터리(x64\Debug\)에 다른 프로젝트(My_API_.vcxproj)에서 공유하는 파일이 포함되어 있습니다.  이로 인해 잘못된 정리 및 다시 빌드 동작이 수행될 수 있습니다.
  CShootingEnemy.cpp
C:\Users\jungy\OneDrive\바탕 화면\repos\My_API\My_API\CShootingEnemy.cpp(94,9): warning C4244: '인수': 'float'에서 'int'(으)로 변환하면서 데이터가 손실될 수 있습니다.
C:\Users\jungy\OneDrive\바탕 화면\repos\My_API\My_API\CShootingEnemy.cpp(94,3): warning C4244: '인수': 'float'에서 'int'(으)로 변환하면서 데이터가 손실될 수 있습니다.
C:\Users\jungy\OneDrive\바탕 화면\repos\My_API\My_API\CShootingEnemy.cpp(124,30): warning C4244: '인수': 'double'에서 'float'(으)로 변환하면서 데이터가 손실될 수 있습니다.
C:\Users\jungy\OneDrive\바탕 화면\repos\My_API\My_API\CShootingEnemy.cpp(128,27): warning C4244: '-=': 'double'에서 'float'(으)로 변환하면서 데이터가 손실될 수 있습니다.
C:\Users\jungy\OneDrive\바탕 화면\repos\My_API\My_API\CShootingEnemy.cpp(132,27): warning C4244: '+=': 'double'에서 'float'(으)로 변환하면서 데이터가 손실될 수 있습니다.
C:\Users\jungy\OneDrive\바탕 화면\repos\My_API\My_API\CShootingEnemy.cpp(154,30): warning C4244: '인수': 'double'에서 'float'(으)로 변환하면서 데이터가 손실될 수 있습니다.
C:\Users\jungy\OneDrive\바탕 화면\repos\My_API\My_API\CShootingEnemy.cpp(350,27): warning C4244: '인수': 'float'에서 'DWORD'(으)로 변환하면서 데이터가 손실될 수 있습니다.
C:\Users\jungy\OneDrive\바탕 화면\repos\My_API\My_API\CShootingEnemy.cpp(353,27): warning C4244: '인수': 'float'에서 'DWORD'(으)로 변환하면서 데이터가 손실될 수 있습니다.
C:\Users\jungy\OneDrive\바탕 화면\repos\My_API\My_API\CShootingEnemy.cpp(357,27): warning C4244: '인수': 'float'에서 'DWORD'(으)로 변환하면서 데이터가 손실될 수 있습니다.
C:\Users\jungy\OneDrive\바탕 화면\repos\My_API\My_API\CShootingEnemy.cpp(361,27): warning C4244: '인수': 'float'에서 'DWORD'(으)로 변환하면서 데이터가 손실될 수 있습니다.
C:\Users\jungy\OneDrive\바탕 화면\repos\My_API\My_API\CShootingEnemy.cpp(374,27): warning C4244: '인수': 'float'에서 'DWORD'(으)로 변환하면서 데이터가 손실될 수 있습니다.
C:\Users\jungy\OneDrive\바탕 화면\repos\My_API\My_API\CShootingEnemy.cpp(378,27): warning C4244: '인수': 'float'에서 'DWORD'(으)로 변환하면서 데이터가 손실될 수 있습니다.
C:\Users\jungy\OneDrive\바탕 화면\repos\My_API\My_API\CShootingEnemy.cpp(386,27): warning C4244: '인수': 'float'에서 'DWORD'(으)로 변환하면서 데이터가 손실될 수 있습니다.
C:\Users\jungy\OneDrive\바탕 화면\repos\My_API\My_API\CShootingEnemy.cpp(389,27): warning C4244: '인수': 'float'에서 'DWORD'(으)로 변환하면서 데이터가 손실될 수 있습니다.
C:\Users\jungy\OneDrive\바탕 화면\repos\My_API\My_API\CShootingEnemy.cpp(394,27): warning C4244: '인수': 'float'에서 'DWORD'(으)로 변환하면서 데이터가 손실될 수 있습니다.
C:\Users\jungy\OneDrive\바탕 화면\repos\My_API\My_API\CShootingEnemy.cpp(400,27): warning C4244: '인수': 'float'에서 'DWORD'(으)로 변환하면서 데이터가 손실될 수 있습니다.
C:\Users\jungy\OneDrive\바탕 화면\repos\My_API\My_API\CShootingEnemy.cpp(418,27): warning C4244: '인수': 'float'에서 'DWORD'(으)로 변환하면서 데이터가 손실될 수 있습니다.
C:\Users\jungy\OneDrive\바탕 화면\repos\My_API\My_API\CShootingEnemy.cpp(421,27): warning C4244: '인수': 'float'에서 'DWORD'(으)로 변환하면서 데이터가 손실될 수 있습니다.
C:\Users\jungy\OneDrive\바탕 화면\repos\My_API\My_API\CShootingEnemy.cpp(425,27): warning C4244: '인수': 'float'에서 'DWORD'(으)로 변환하면서 데이터가 손실될 수 있습니다.
C:\Users\jungy\OneDrive\바탕 화면\repos\My_API\My_API\CShootingEnemy.cpp(429,27): warning C4244: '인수': 'float'에서 'DWORD'(으)로 변환하면서 데이터가 손실될 수 있습니다.
C:\Users\jungy\OneDrive\바탕 화면\repos\My_API\My_API\CShootingEnemy.cpp(442,27): warning C4244: '인수': 'float'에서 'DWORD'(으)로 변환하면서 데이터가 손실될 수 있습니다.
C:\Users\jungy\OneDrive\바탕 화면\repos\My_API\My_API\CShootingEnemy.cpp(446,27): warning C4244: '인수': 'float'에서 'DWORD'(으)로 변환하면서 데이터가 손실될 수 있습니다.
C:\Users\jungy\OneDrive\바탕 화면\repos\My_API\My_API\CShootingEnemy.cpp(454,27): warning C4244: '인수': 'float'에서 'DWORD'(으)로 변환하면서 데이터가 손실될 수 있습니다.
C:\Users\jungy\OneDrive\바탕 화면\repos\My_API\My_API\CShootingEnemy.cpp(457,27): warning C4244: '인수': 'float'에서 'DWORD'(으)로 변환하면서 데이터가 손실될 수 있습니다.
C:\Users\jungy\OneDrive\바탕 화면\repos\My_API\My_API\CShootingEnemy.cpp(462,27): warning C4244: '인수': 'float'에서 'DWORD'(으)로 변환하면서 데이터가 손실될 수 있습니다.
C:\Users\jungy\OneDrive\바탕 화면\repos\My_API\My_API\CShootingEnemy.cpp(468,27): warning C4244: '인수': 'float'에서 'DWORD'(으)로 변환하면서 데이터가 손실될 수 있습니다.
C:\Users\jungy\OneDrive\바탕 화면\repos\My_API\My_API\CShootingEnemy.cpp(482,27): warning C4244: '인수': 'float'에서 'DWORD'(으)로 변환하면서 데이터가 손실될 수 있습니다.
C:\Users\jungy\OneDrive\바탕 화면\repos\My_API\My_API\CShootingEnemy.cpp(579,12): warning C4244: '인수': 'time_t'에서 'unsigned int'(으)로 변환하면서 데이터가 손실될 수 있습니다.
  My_API.vcxproj -> C:\Users\jungy\OneDrive\바탕 화면\repos\My_API\x64\Debug\My_API.exe
