c:\users\jungy\onedrive\바탕 화면\repos\my_api\my_api\x64\debug\vc143.pdb
c:\users\jungy\onedrive\바탕 화면\repos\my_api\my_api\x64\debug\vc143.idb
c:\users\jungy\onedrive\바탕 화면\repos\my_api\my_api\x64\debug\cmaingame.obj
c:\users\jungy\onedrive\바탕 화면\repos\my_api\my_api\x64\debug\cground1.obj
c:\users\jungy\onedrive\바탕 화면\repos\my_api\my_api\x64\debug\cscenemanager.obj
c:\users\jungy\onedrive\바탕 화면\repos\my_api\my_api\x64\debug\cstage.obj
c:\users\jungy\onedrive\바탕 화면\repos\my_api\my_api\x64\debug\my_api.obj
c:\users\jungy\onedrive\바탕 화면\repos\my_api\my_api\x64\debug\cscene.obj
c:\users\jungy\onedrive\바탕 화면\repos\my_api\my_api\x64\debug\cobj.obj
c:\users\jungy\onedrive\바탕 화면\repos\my_api\my_api\x64\debug\cmenu.obj
c:\users\jungy\onedrive\바탕 화면\repos\my_api\my_api\x64\debug\ckeymgr.obj
c:\users\jungy\onedrive\바탕 화면\repos\my_api\my_api\x64\debug\cobjmanager.obj
c:\users\jungy\onedrive\바탕 화면\repos\my_api\my_api\x64\debug\cplayer.obj
c:\users\jungy\onedrive\바탕 화면\repos\my_api\my_api\x64\debug\cmybmp.obj
c:\users\jungy\onedrive\바탕 화면\repos\my_api\my_api\x64\debug\cbmpmgr.obj
c:\users\jungy\onedrive\바탕 화면\repos\my_api\my_api\x64\debug\ccameramanger.obj
c:\users\jungy\onedrive\바탕 화면\repos\my_api\my_api\x64\debug\cpistol.obj
c:\users\jungy\onedrive\바탕 화면\repos\my_api\my_api\x64\debug\cbullet.obj
c:\users\jungy\onedrive\바탕 화면\repos\my_api\my_api\x64\debug\cgun.obj
c:\users\jungy\onedrive\바탕 화면\repos\my_api\my_api\x64\debug\cbox.obj
c:\users\jungy\onedrive\바탕 화면\repos\my_api\my_api\x64\debug\citem.obj
c:\users\jungy\onedrive\바탕 화면\repos\my_api\my_api\x64\debug\cpotion.obj
c:\users\jungy\onedrive\바탕 화면\repos\my_api\my_api\x64\debug\cuzi.obj
c:\users\jungy\onedrive\바탕 화면\repos\my_api\my_api\x64\debug\weapon_item.obj
c:\users\jungy\onedrive\바탕 화면\repos\my_api\my_api\x64\debug\cak_47.obj
c:\users\jungy\onedrive\바탕 화면\repos\my_api\my_api\x64\debug\cak_bullet.obj
c:\users\jungy\onedrive\바탕 화면\repos\my_api\my_api\x64\debug\cshotgun.obj
c:\users\jungy\onedrive\바탕 화면\repos\my_api\my_api\x64\debug\cshot_bullet.obj
c:\users\jungy\onedrive\바탕 화면\repos\my_api\my_api\x64\debug\cshot_bulleteffect.obj
c:\users\jungy\onedrive\바탕 화면\repos\my_api\my_api\x64\debug\csubweapon.obj
c:\users\jungy\onedrive\바탕 화면\repos\my_api\my_api\x64\debug\cknife.obj
c:\users\jungy\onedrive\바탕 화면\repos\my_api\my_api\x64\debug\cthrow_knife.obj
c:\users\jungy\onedrive\바탕 화면\repos\my_api\my_api\x64\debug\cthrow_grenade.obj
c:\users\jungy\onedrive\바탕 화면\repos\my_api\my_api\x64\debug\cgrenade.obj
c:\users\jungy\onedrive\바탕 화면\repos\my_api\my_api\x64\debug\cexplosion.obj
c:\users\jungy\onedrive\바탕 화면\repos\my_api\my_api\x64\debug\cbaseenemy.obj
c:\users\jungy\onedrive\바탕 화면\repos\my_api\x64\debug\my_api.exe
c:\users\jungy\onedrive\바탕 화면\repos\my_api\x64\debug\my_api.pdb
c:\users\jungy\onedrive\바탕 화면\repos\my_api\my_api\x64\debug\my_api.res
c:\users\jungy\onedrive\바탕 화면\repos\my_api\my_api\x64\debug\my_api.ilk
c:\users\jungy\onedrive\바탕 화면\repos\my_api\my_api\x64\debug\my_api_.obj
c:\users\jungy\onedrive\바탕 화면\repos\my_api\my_api\x64\debug\cbullet.obj.enc
c:\users\jungy\onedrive\바탕 화면\repos\my_api\my_api\x64\debug\ccameramanger.obj.enc
c:\users\jungy\onedrive\바탕 화면\repos\my_api\my_api\x64\debug\cground1.obj.enc
c:\users\jungy\onedrive\바탕 화면\repos\my_api\my_api\x64\debug\cgun.obj.enc
c:\users\jungy\onedrive\바탕 화면\repos\my_api\my_api\x64\debug\ckeymgr.obj.enc
c:\users\jungy\onedrive\바탕 화면\repos\my_api\my_api\x64\debug\cmaingame.obj.enc
c:\users\jungy\onedrive\바탕 화면\repos\my_api\my_api\x64\debug\cmenu.obj.enc
c:\users\jungy\onedrive\바탕 화면\repos\my_api\my_api\x64\debug\cobj.obj.enc
c:\users\jungy\onedrive\바탕 화면\repos\my_api\my_api\x64\debug\cobjmanager.obj.enc
c:\users\jungy\onedrive\바탕 화면\repos\my_api\my_api\x64\debug\cpistol.obj.enc
c:\users\jungy\onedrive\바탕 화면\repos\my_api\my_api\x64\debug\cplayer.obj.enc
c:\users\jungy\onedrive\바탕 화면\repos\my_api\my_api\x64\debug\cscene.obj.enc
c:\users\jungy\onedrive\바탕 화면\repos\my_api\my_api\x64\debug\cscenemanager.obj.enc
c:\users\jungy\onedrive\바탕 화면\repos\my_api\my_api\x64\debug\cstage.obj.enc
c:\users\jungy\onedrive\바탕 화면\repos\my_api\my_api\x64\debug\my_api.obj.enc
c:\users\jungy\onedrive\바탕 화면\repos\my_api\my_api\x64\debug\my_api_.ilk
c:\users\jungy\onedrive\바탕 화면\repos\my_api\my_api\x64\debug\my_api.tlog\cl.command.1.tlog
c:\users\jungy\onedrive\바탕 화면\repos\my_api\my_api\x64\debug\my_api.tlog\cl.items.tlog
c:\users\jungy\onedrive\바탕 화면\repos\my_api\my_api\x64\debug\my_api.tlog\cl.read.1.tlog
c:\users\jungy\onedrive\바탕 화면\repos\my_api\my_api\x64\debug\my_api.tlog\cl.write.1.tlog
c:\users\jungy\onedrive\바탕 화면\repos\my_api\my_api\x64\debug\my_api.tlog\link.command.1.tlog
c:\users\jungy\onedrive\바탕 화면\repos\my_api\my_api\x64\debug\my_api.tlog\link.read.1.tlog
c:\users\jungy\onedrive\바탕 화면\repos\my_api\my_api\x64\debug\my_api.tlog\link.secondary.1.tlog
c:\users\jungy\onedrive\바탕 화면\repos\my_api\my_api\x64\debug\my_api.tlog\link.write.1.tlog
c:\users\jungy\onedrive\바탕 화면\repos\my_api\my_api\x64\debug\my_api.tlog\rc.command.1.tlog
c:\users\jungy\onedrive\바탕 화면\repos\my_api\my_api\x64\debug\my_api.tlog\rc.read.1.tlog
c:\users\jungy\onedrive\바탕 화면\repos\my_api\my_api\x64\debug\my_api.tlog\rc.write.1.tlog
